// Jest Snapshot v1, https://goo.gl/fbAQLP

exports[`<SingleItem></SingleItem> renders with proper data 1`] = `
<h2>
  Viewing 
  dogs are best
</h2>
`;

exports[`<SingleItem></SingleItem> renders with proper data 2`] = `
<img
  alt="dogs are best"
  src="dog.jpg"
/>
`;

exports[`<SingleItem></SingleItem> renders with proper data 3`] = `
<p>
  dogs
</p>
`;
